  affine.cpp
  D3DResourceLeakChecker.cpp
  DirectXCommon.cpp
  imgui.cpp
  imgui_demo.cpp
  imgui_draw.cpp
  imgui_impl_dx12.cpp
  imgui_impl_win32.cpp
  imgui_tables.cpp
  imgui_widgets.cpp
  Input.cpp
  Logger.cpp
  main.cpp
  Model.cpp
  ModelCommon.cpp
  ModelManager.cpp
  Object3d.cpp
  Object3dCommon.cpp
  Sprite.cpp
  SpriteCommon.cpp
  StringUitilty.cpp
  TextureManager.cpp
  WinApp.cpp
  CG2_01.vcxproj -> C:\Users\dscka\Documents\ProjectFile\CG_2\x64\Debug\CG2_01.exe
          1 個のファイルをコピーしました。
          1 個のファイルをコピーしました。
